=== COVERAGE PROBE (heatmap single hour) for 3 sites ===
  ashburn_va             ok=True status=completed cells=64 mean=31.1299140625 stddev=0.11493199351112149 err=
  phoenix_goodyear_az    ok=True status=completed cells=63 mean=39.81189682539682 stddev=0.004295870795121154 err=
  hillsboro_or           ok=True status=completed cells=63 mean=26.495695238095244 stddev=0.15883990969665798 err=
PRIMARY site for deep checks: ashburn_va

=== S-3 spatial stddev ===
  api stddev=0.11473813598381839 vs my tile pstdev=0.1144 over 172 tiles

=== S-7 / C-2 range-in-one-call ===
  status=completed top_keys=['map_data', 'stats_data'] sample_props={'tile_id': 0, 'average_temperature': 27.4874, 'min_temperature': 22.883, 'max_temperature': 32.0886} err=

=== B-1 future timestamp (heatmap) ===
  control_past: status=completed mean=31.1299140625 n=64 err=
  future_today_23: status=completed mean=22.7285296875 n=64 err=

=== E-8 wet-bulb in heatmap? ===
  feature property keys: ['tile_id', 'average_temperature', 'min_temperature', 'max_temperature']

=== B-6 diurnal amplitude (air vs LST) ===
  03:00 mean_c=23.336170312500002
  09:00 mean_c=24.3929453125
  15:00 mean_c=31.1299140625
  21:00 mean_c=22.793634374999996
  diurnal amplitude C: 8.34

=== B-8 psychrolib cross-check (env_params) ===
   {"submit_status": 200, "final_status": "completed", "raw_error": null, "input_dry_bulb": 25.0, "api_wet_bulb": 22.6, "api_humidity_pct": 72.0, "apparent": 30.4, "available_params": ["heat_index_celsius", "apparent_temperature_celsius", "relative_humidity_percent", "precipitation_mm", "cloud_cover_oc

=== A-1/A-2 auth + usage endpoint ===
  usage: {"get": {"status": 405, "body": "{\"detail\":\"Method Not Allowed\"}"}, "post": {"status": 422, "body": "{\"error\":true,\"status_code\":422,\"message\":\"Field 'request' is required.\",\"field\":\"request\",\"detail\":[{\"type\":\"missing\",\"loc\":[\"body\"],\"msg\":\"Field required\",\"input\":nu

SAVED results_raw.json
